// Jest Snapshot v1, https://goo.gl/fbAQLP

exports[`snapshot Logout component 1`] = `
<DocumentFragment>
  <div>
    <button
      class="login-button"
      type="button"
    >
      Log Out
    </button>
  </div>
</DocumentFragment>
`;
