// Jest Snapshot v1, https://goo.gl/fbAQLP

exports[`Search component snapShot component 1`] = `ShallowWrapper {}`;
